
===== UNSW-NB15  (top_k=31.0, scale=2.0, output_fusion=OFF) =====
    [head_only] fold 0 epoch   1 loss=1.1667 val_f1=0.0642
    [head_only] fold 0 epoch  60 loss=0.3958 val_f1=0.6258
    [head_only] fold 0 epoch 120 loss=0.2150 val_f1=0.7137
    [head_only] fold 0 DONE best_val=0.7387 test=0.6658 iters=2
    [head_only] fold 1 epoch   1 loss=1.1685 val_f1=0.0642
    [head_only] fold 1 epoch  60 loss=0.3673 val_f1=0.5834
    [head_only] fold 1 epoch 120 loss=0.1985 val_f1=0.6497
    [head_only] fold 1 DONE best_val=0.7910 test=0.7578 iters=2
    [head_only] fold 2 epoch   1 loss=1.1780 val_f1=0.0655
    [head_only] fold 2 epoch  60 loss=0.3790 val_f1=0.7779
    [head_only] fold 2 epoch 120 loss=0.1931 val_f1=0.7590
    [head_only] fold 2 DONE best_val=0.8310 test=0.7199 iters=2
    [head_only] fold 3 epoch   1 loss=1.1812 val_f1=0.0618
    [head_only] fold 3 epoch  60 loss=0.3899 val_f1=0.6228
    [head_only] fold 3 epoch 120 loss=0.2086 val_f1=0.6685
    [head_only] fold 3 epoch 180 loss=0.1267 val_f1=0.7244
    [head_only] fold 3 DONE best_val=0.7618 test=0.8196 iters=2
    [head_only] fold 4 epoch   1 loss=1.2046 val_f1=0.0802
    [head_only] fold 4 epoch  60 loss=0.3760 val_f1=0.6590
    [head_only] fold 4 epoch 120 loss=0.1916 val_f1=0.6875
    [head_only] fold 4 epoch 180 loss=0.1376 val_f1=0.7052
    [head_only] fold 4 epoch 240 loss=0.1022 val_f1=0.7277
    [head_only] fold 4 DONE best_val=0.7746 test=0.7892 iters=2
    [head_only] fold 0 epoch   1 loss=1.1533 val_f1=0.0635
    [head_only] fold 0 epoch  60 loss=0.3601 val_f1=0.6332
    [head_only] fold 0 epoch 120 loss=0.1905 val_f1=0.7194
    [head_only] fold 0 DONE best_val=0.7577 test=0.7219 iters=2
    [head_only] fold 1 epoch   1 loss=1.2158 val_f1=0.0043
    [head_only] fold 1 epoch  60 loss=0.3399 val_f1=0.5562
    [head_only] fold 1 epoch 120 loss=0.1737 val_f1=0.6563
    [head_only] fold 1 DONE best_val=0.7373 test=0.6730 iters=2
    [head_only] fold 2 epoch   1 loss=1.1943 val_f1=0.0996
    [head_only] fold 2 epoch  60 loss=0.4242 val_f1=0.6528
    [head_only] fold 2 epoch 120 loss=0.2150 val_f1=0.7694
    [head_only] fold 2 DONE best_val=0.8397 test=0.7461 iters=2
    [head_only] fold 3 epoch   1 loss=1.1753 val_f1=0.0625
    [head_only] fold 3 epoch  60 loss=0.3695 val_f1=0.5628
    [head_only] fold 3 epoch 120 loss=0.1744 val_f1=0.7208
    [head_only] fold 3 DONE best_val=0.7448 test=0.8178 iters=2
    [head_only] fold 4 epoch   1 loss=1.1962 val_f1=0.0556
    [head_only] fold 4 epoch  60 loss=0.3524 val_f1=0.6493
    [head_only] fold 4 epoch 120 loss=0.2022 val_f1=0.7123
    [head_only] fold 4 DONE best_val=0.7647 test=0.7127 iters=2
    [head_only] fold 0 epoch   1 loss=1.2155 val_f1=0.0136
    [head_only] fold 0 epoch  60 loss=0.3731 val_f1=0.5650
    [head_only] fold 0 epoch 120 loss=0.2032 val_f1=0.6696
    [head_only] fold 0 DONE best_val=0.7049 test=0.6882 iters=2
    [head_only] fold 1 epoch   1 loss=1.1981 val_f1=0.1638
    [head_only] fold 1 epoch  60 loss=0.3795 val_f1=0.5651
    [head_only] fold 1 epoch 120 loss=0.1912 val_f1=0.7330
    [head_only] fold 1 epoch 180 loss=0.1277 val_f1=0.7299
    [head_only] fold 1 DONE best_val=0.7765 test=0.6877 iters=2
    [head_only] fold 2 epoch   1 loss=1.1727 val_f1=0.0632
    [head_only] fold 2 epoch  60 loss=0.3839 val_f1=0.6597
    [head_only] fold 2 epoch 120 loss=0.1949 val_f1=0.7952
    [head_only] fold 2 epoch 180 loss=0.1478 val_f1=0.8109
    [head_only] fold 2 epoch 240 loss=0.1174 val_f1=0.8035
    [head_only] fold 2 DONE best_val=0.8468 test=0.7591 iters=2
    [head_only] fold 3 epoch   1 loss=1.1943 val_f1=0.0255
    [head_only] fold 3 epoch  60 loss=0.3773 val_f1=0.6033
    [head_only] fold 3 epoch 120 loss=0.1920 val_f1=0.6741
    [head_only] fold 3 epoch 180 loss=0.1408 val_f1=0.7205
    [head_only] fold 3 epoch 240 loss=0.0788 val_f1=0.6882
    [head_only] fold 3 DONE best_val=0.7433 test=0.7300 iters=2
    [head_only] fold 4 epoch   1 loss=1.1891 val_f1=0.0515
    [head_only] fold 4 epoch  60 loss=0.3668 val_f1=0.6750
    [head_only] fold 4 epoch 120 loss=0.1866 val_f1=0.7252
    [head_only] fold 4 epoch 180 loss=0.1346 val_f1=0.7359
    [head_only] fold 4 DONE best_val=0.7604 test=0.7708 iters=2
  control_head_only        0.7398 +/-0.0103  [   78s]
    [real] fold 0 epoch   1 loss=1.1667 val_f1=0.0642
    [real] fold 0 epoch  60 loss=0.3920 val_f1=0.6244
    [real] fold 0 epoch 120 loss=0.2036 val_f1=0.7343
    [real] fold 0 DONE best_val=0.7591 test=0.6912 iters=3 bias|.|=7.68e-02
    [real] fold 1 epoch   1 loss=1.1684 val_f1=0.0639
    [real] fold 1 epoch  60 loss=0.3658 val_f1=0.5800
    [real] fold 1 epoch 120 loss=0.1613 val_f1=0.7249
    [real] fold 1 DONE best_val=0.7687 test=0.7088 iters=3 bias|.|=4.08e-02
    [real] fold 2 epoch   1 loss=1.1779 val_f1=0.0667
    [real] fold 2 epoch  60 loss=0.3813 val_f1=0.7816
    [real] fold 2 epoch 120 loss=0.1806 val_f1=0.7622
    [real] fold 2 DONE best_val=0.8348 test=0.7243 iters=2 bias|.|=3.78e-02
    [real] fold 3 epoch   1 loss=1.1811 val_f1=0.0618
    [real] fold 3 epoch  60 loss=0.3835 val_f1=0.5830
    [real] fold 3 epoch 120 loss=0.1872 val_f1=0.6702
    [real] fold 3 epoch 180 loss=0.1178 val_f1=0.7272
    [real] fold 3 epoch 240 loss=0.0726 val_f1=0.7108
    [real] fold 3 DONE best_val=0.7876 test=0.7555 iters=2 bias|.|=5.51e-02
    [real] fold 4 epoch   1 loss=1.2046 val_f1=0.0802
    [real] fold 4 epoch  60 loss=0.3776 val_f1=0.6692
    [real] fold 4 epoch 120 loss=0.1857 val_f1=0.6193
    [real] fold 4 epoch 180 loss=0.1192 val_f1=0.7402
    [real] fold 4 epoch 240 loss=0.0960 val_f1=0.7587
    [real] fold 4 DONE best_val=0.7754 test=0.7630 iters=2 bias|.|=5.31e-02
    [real] fold 0 epoch   1 loss=1.1533 val_f1=0.0635
    [real] fold 0 epoch  60 loss=0.3546 val_f1=0.6703
    [real] fold 0 epoch 120 loss=0.1833 val_f1=0.7179
    [real] fold 0 epoch 180 loss=0.1186 val_f1=0.7420
    [real] fold 0 DONE best_val=0.7675 test=0.7336 iters=3 bias|.|=1.06e-01
    [real] fold 1 epoch   1 loss=1.2159 val_f1=0.0043
    [real] fold 1 epoch  60 loss=0.3414 val_f1=0.5669
    [real] fold 1 epoch 120 loss=0.1645 val_f1=0.6524
    [real] fold 1 epoch 180 loss=0.1125 val_f1=0.6904
    [real] fold 1 DONE best_val=0.7525 test=0.7285 iters=3 bias|.|=7.30e-02
    [real] fold 2 epoch   1 loss=1.1943 val_f1=0.0996
    [real] fold 2 epoch  60 loss=0.4280 val_f1=0.6151
    [real] fold 2 epoch 120 loss=0.2021 val_f1=0.8153
    [real] fold 2 epoch 180 loss=0.1466 val_f1=0.8304
    [real] fold 2 DONE best_val=0.8432 test=0.7654 iters=3 bias|.|=8.06e-02
    [real] fold 3 epoch   1 loss=1.1752 val_f1=0.0625
    [real] fold 3 epoch  60 loss=0.3670 val_f1=0.5793
    [real] fold 3 epoch 120 loss=0.1800 val_f1=0.6543
    [real] fold 3 DONE best_val=0.7147 test=0.8404 iters=3 bias|.|=4.97e-02
    [real] fold 4 epoch   1 loss=1.1962 val_f1=0.0511
    [real] fold 4 epoch  60 loss=0.3453 val_f1=0.6371
    [real] fold 4 epoch 120 loss=0.1775 val_f1=0.7375
    [real] fold 4 DONE best_val=0.7779 test=0.7390 iters=3 bias|.|=5.17e-02
    [real] fold 0 epoch   1 loss=1.2156 val_f1=0.0136
    [real] fold 0 epoch  60 loss=0.3631 val_f1=0.6216
    [real] fold 0 DONE best_val=0.6619 test=0.5834 iters=3 bias|.|=4.56e-02
    [real] fold 1 epoch   1 loss=1.1981 val_f1=0.1638
    [real] fold 1 epoch  60 loss=0.3738 val_f1=0.5749
    [real] fold 1 epoch 120 loss=0.1773 val_f1=0.7492
    [real] fold 1 DONE best_val=0.7492 test=0.7188 iters=3 bias|.|=5.98e-02
    [real] fold 2 epoch   1 loss=1.1726 val_f1=0.0632
    [real] fold 2 epoch  60 loss=0.3831 val_f1=0.6620
    [real] fold 2 DONE best_val=0.8112 test=0.7152 iters=3 bias|.|=3.62e-02
    [real] fold 3 epoch   1 loss=1.1943 val_f1=0.0255
    [real] fold 3 epoch  60 loss=0.3716 val_f1=0.5959
    [real] fold 3 epoch 120 loss=0.1728 val_f1=0.6971
    [real] fold 3 DONE best_val=0.7421 test=0.7614 iters=2 bias|.|=4.47e-02
    [real] fold 4 epoch   1 loss=1.1891 val_f1=0.0535
    [real] fold 4 epoch  60 loss=0.3608 val_f1=0.6473
    [real] fold 4 epoch 120 loss=0.1798 val_f1=0.7124
    [real] fold 4 epoch 180 loss=0.1260 val_f1=0.7386
    [real] fold 4 DONE best_val=0.7809 test=0.7620 iters=2 bias|.|=6.31e-02
  real_prototype_edge      0.7382 +/-0.0208  [  167s]
    [real] fold 0 epoch   1 loss=1.1684 val_f1=0.0649
    [real] fold 0 epoch  60 loss=0.3247 val_f1=0.6101
    [real] fold 0 epoch 120 loss=0.1852 val_f1=0.7159
    [real] fold 0 DONE best_val=0.7685 test=0.7508 iters=3 bias|.|=3.05e+00
    [real] fold 1 epoch   1 loss=1.1697 val_f1=0.1144
    [real] fold 1 epoch  60 loss=0.3214 val_f1=0.6192
    [real] fold 1 epoch 120 loss=0.1712 val_f1=0.7585
    [real] fold 1 epoch 180 loss=0.1098 val_f1=0.8254
    [real] fold 1 epoch 240 loss=0.0861 val_f1=0.7909
    [real] fold 1 DONE best_val=0.8664 test=0.7605 iters=3 bias|.|=3.40e+00
    [real] fold 2 epoch   1 loss=1.1839 val_f1=0.2179
    [real] fold 2 epoch  60 loss=0.3277 val_f1=0.6783
    [real] fold 2 epoch 120 loss=0.1981 val_f1=0.7922
    [real] fold 2 DONE best_val=0.8525 test=0.7452 iters=3 bias|.|=3.25e+00
    [real] fold 3 epoch   1 loss=1.1864 val_f1=0.1404
    [real] fold 3 epoch  60 loss=0.3287 val_f1=0.6532
    [real] fold 3 epoch 120 loss=0.1692 val_f1=0.7319
    [real] fold 3 DONE best_val=0.8004 test=0.7635 iters=3 bias|.|=3.09e+00
    [real] fold 4 epoch   1 loss=1.2008 val_f1=0.1905
    [real] fold 4 epoch  60 loss=0.3309 val_f1=0.6164
    [real] fold 4 epoch 120 loss=0.1624 val_f1=0.7308
    [real] fold 4 DONE best_val=0.7520 test=0.7218 iters=3 bias|.|=3.70e+00
    [real] fold 0 epoch   1 loss=1.1715 val_f1=0.0646
    [real] fold 0 epoch  60 loss=0.3466 val_f1=0.6538
    [real] fold 0 epoch 120 loss=0.1950 val_f1=0.7528
    [real] fold 0 DONE best_val=0.8005 test=0.7995 iters=3 bias|.|=3.32e+00
    [real] fold 1 epoch   1 loss=1.2130 val_f1=0.0208
    [real] fold 1 epoch  60 loss=0.3386 val_f1=0.6777
    [real] fold 1 DONE best_val=0.6889 test=0.7704 iters=3 bias|.|=3.26e+00
    [real] fold 2 epoch   1 loss=1.1880 val_f1=0.2207
    [real] fold 2 epoch  60 loss=0.3373 val_f1=0.6035
    [real] fold 2 DONE best_val=0.7347 test=0.7239 iters=3 bias|.|=3.02e+00
    [real] fold 3 epoch   1 loss=1.1764 val_f1=0.1883
    [real] fold 3 epoch  60 loss=0.3193 val_f1=0.6136
    [real] fold 3 epoch 120 loss=0.1758 val_f1=0.7695
    [real] fold 3 epoch 180 loss=0.1235 val_f1=0.7327
    [real] fold 3 DONE best_val=0.7852 test=0.8608 iters=3 bias|.|=3.30e+00
    [real] fold 4 epoch   1 loss=1.2060 val_f1=0.0567
    [real] fold 4 epoch  60 loss=0.3115 val_f1=0.6962
    [real] fold 4 epoch 120 loss=0.1571 val_f1=0.7965
    [real] fold 4 DONE best_val=0.8079 test=0.7754 iters=3 bias|.|=3.38e+00
    [real] fold 0 epoch   1 loss=1.2107 val_f1=0.0344
    [real] fold 0 epoch  60 loss=0.3437 val_f1=0.6838
    [real] fold 0 epoch 120 loss=0.1976 val_f1=0.7213
    [real] fold 0 DONE best_val=0.7928 test=0.7481 iters=3 bias|.|=3.27e+00
    [real] fold 1 epoch   1 loss=1.1935 val_f1=0.2081
    [real] fold 1 epoch  60 loss=0.3442 val_f1=0.7292
    [real] fold 1 epoch 120 loss=0.1908 val_f1=0.7753
    [real] fold 1 epoch 180 loss=0.1260 val_f1=0.7979
    [real] fold 1 DONE best_val=0.8238 test=0.7445 iters=3 bias|.|=3.30e+00
    [real] fold 2 epoch   1 loss=1.1698 val_f1=0.1249
    [real] fold 2 epoch  60 loss=0.3376 val_f1=0.7231
    [real] fold 2 epoch 120 loss=0.1830 val_f1=0.8477
    [real] fold 2 epoch 180 loss=0.1353 val_f1=0.8452
    [real] fold 2 DONE best_val=0.8659 test=0.8393 iters=3 bias|.|=3.28e+00
    [real] fold 3 epoch   1 loss=1.1991 val_f1=0.0376
    [real] fold 3 epoch  60 loss=0.3364 val_f1=0.6403
    [real] fold 3 epoch 120 loss=0.1646 val_f1=0.7845
    [real] fold 3 DONE best_val=0.8198 test=0.8272 iters=3 bias|.|=3.31e+00
    [real] fold 4 epoch   1 loss=1.1958 val_f1=0.0547
    [real] fold 4 epoch  60 loss=0.3316 val_f1=0.7272
    [real] fold 4 epoch 120 loss=0.2026 val_f1=0.7288
    [real] fold 4 DONE best_val=0.8022 test=0.7828 iters=3 bias|.|=3.39e+00
  oracle_edge              0.7743 +/-0.0162  [  240s]
    [real] fold 0 epoch   1 loss=1.1660 val_f1=0.0642
    [real] fold 0 epoch  60 loss=0.3921 val_f1=0.5695
    [real] fold 0 epoch 120 loss=0.1809 val_f1=0.6963
    [real] fold 0 DONE best_val=0.7652 test=0.7184 iters=2 bias|.|=5.11e-01
    [real] fold 1 epoch   1 loss=1.1686 val_f1=0.0674
    [real] fold 1 epoch  60 loss=0.3803 val_f1=0.6044
    [real] fold 1 epoch 120 loss=0.1889 val_f1=0.7532
    [real] fold 1 epoch 180 loss=0.1158 val_f1=0.7331
    [real] fold 1 DONE best_val=0.7822 test=0.7038 iters=2 bias|.|=5.14e-01
    [real] fold 2 epoch   1 loss=1.1718 val_f1=0.0955
    [real] fold 2 epoch  60 loss=0.3561 val_f1=0.7438
    [real] fold 2 epoch 120 loss=0.1944 val_f1=0.7546
    [real] fold 2 DONE best_val=0.8298 test=0.7548 iters=3 bias|.|=4.18e-01
    [real] fold 3 epoch   1 loss=1.1755 val_f1=0.0618
    [real] fold 3 epoch  60 loss=0.3744 val_f1=0.6202
    [real] fold 3 epoch 120 loss=0.1952 val_f1=0.7199
    [real] fold 3 epoch 180 loss=0.1264 val_f1=0.7270
    [real] fold 3 DONE best_val=0.7472 test=0.7524 iters=2 bias|.|=2.55e-01
    [real] fold 4 epoch   1 loss=1.2049 val_f1=0.0612
    [real] fold 4 epoch  60 loss=0.3859 val_f1=0.5728
    [real] fold 4 epoch 120 loss=0.1938 val_f1=0.7054
    [real] fold 4 epoch 180 loss=0.1468 val_f1=0.6795
    [real] fold 4 DONE best_val=0.7699 test=0.7467 iters=2 bias|.|=5.79e-02
    [real] fold 0 epoch   1 loss=1.1536 val_f1=0.0635
    [real] fold 0 epoch  60 loss=0.3875 val_f1=0.6603
    [real] fold 0 epoch 120 loss=0.1720 val_f1=0.7236
    [real] fold 0 DONE best_val=0.7346 test=0.7368 iters=2 bias|.|=2.55e-01
    [real] fold 1 epoch   1 loss=1.2150 val_f1=0.0085
    [real] fold 1 epoch  60 loss=0.3380 val_f1=0.6205
    [real] fold 1 epoch 120 loss=0.1695 val_f1=0.7236
    [real] fold 1 DONE best_val=0.7573 test=0.6992 iters=2 bias|.|=4.43e-01
    [real] fold 2 epoch   1 loss=1.2024 val_f1=0.1002
    [real] fold 2 epoch  60 loss=0.3977 val_f1=0.6440
    [real] fold 2 epoch 120 loss=0.2139 val_f1=0.7976
    [real] fold 2 epoch 180 loss=0.1401 val_f1=0.8222
    [real] fold 2 DONE best_val=0.8436 test=0.7600 iters=2 bias|.|=2.75e-02
    [real] fold 3 epoch   1 loss=1.1739 val_f1=0.0625
    [real] fold 3 epoch  60 loss=0.3463 val_f1=0.5429
    [real] fold 3 epoch 120 loss=0.1628 val_f1=0.6635
    [real] fold 3 DONE best_val=0.7010 test=0.8192 iters=2 bias|.|=5.64e-01
    [real] fold 4 epoch   1 loss=1.1911 val_f1=0.0405
    [real] fold 4 epoch  60 loss=0.3646 val_f1=0.6083
    [real] fold 4 epoch 120 loss=0.2074 val_f1=0.6763
    [real] fold 4 DONE best_val=0.7577 test=0.7593 iters=2 bias|.|=9.14e-02
    [real] fold 0 epoch   1 loss=1.2102 val_f1=0.0080
    [real] fold 0 epoch  60 loss=0.3560 val_f1=0.5898
    [real] fold 0 epoch 120 loss=0.1816 val_f1=0.6666
    [real] fold 0 DONE best_val=0.6989 test=0.6544 iters=2 bias|.|=7.79e-01
    [real] fold 1 epoch   1 loss=1.1996 val_f1=0.0976
    [real] fold 1 epoch  60 loss=0.3729 val_f1=0.6146
    [real] fold 1 epoch 120 loss=0.1914 val_f1=0.7187
    [real] fold 1 DONE best_val=0.7825 test=0.7081 iters=2 bias|.|=3.21e-01
    [real] fold 2 epoch   1 loss=1.1773 val_f1=0.0632
    [real] fold 2 epoch  60 loss=0.3667 val_f1=0.6969
    [real] fold 2 epoch 120 loss=0.1810 val_f1=0.7802
    [real] fold 2 DONE best_val=0.8134 test=0.6998 iters=2 bias|.|=3.80e-01
    [real] fold 3 epoch   1 loss=1.1965 val_f1=0.0293
    [real] fold 3 epoch  60 loss=0.3551 val_f1=0.6425
    [real] fold 3 epoch 120 loss=0.1969 val_f1=0.6234
    [real] fold 3 DONE best_val=0.7275 test=0.7543 iters=2 bias|.|=1.02e-02
    [real] fold 4 epoch   1 loss=1.2014 val_f1=0.0565
    [real] fold 4 epoch  60 loss=0.3706 val_f1=0.6484
    [real] fold 4 epoch 120 loss=0.2000 val_f1=0.7249
    [real] fold 4 epoch 180 loss=0.1266 val_f1=0.7199
    [real] fold 4 DONE best_val=0.7657 test=0.7814 iters=2 bias|.|=1.40e-01
  oracle_attention         0.7382 +/-0.0110  [  310s]

===== NF-ToN-IoT  (top_k=25.0, scale=20.0, output_fusion=OFF) =====
    [head_only] fold 0 epoch   1 loss=0.1111 val_f1=0.0443
    [head_only] fold 0 epoch  60 loss=0.0267 val_f1=0.4181
    [head_only] fold 0 epoch 120 loss=0.0190 val_f1=0.4986
    [head_only] fold 0 epoch 180 loss=0.0120 val_f1=0.4844
    [head_only] fold 0 DONE best_val=0.5340 test=0.4318 iters=2
    [head_only] fold 1 epoch   1 loss=0.1009 val_f1=0.0062
    [head_only] fold 1 epoch  60 loss=0.0306 val_f1=0.3761
    [head_only] fold 1 DONE best_val=0.4253 test=0.4057 iters=2
    [head_only] fold 2 epoch   1 loss=0.1008 val_f1=0.0034
    [head_only] fold 2 epoch  60 loss=0.0256 val_f1=0.4432
    [head_only] fold 2 DONE best_val=0.4989 test=0.4229 iters=2
    [head_only] fold 3 epoch   1 loss=0.0970 val_f1=0.0289
    [head_only] fold 3 epoch  60 loss=0.0193 val_f1=0.3701
    [head_only] fold 3 DONE best_val=0.3988 test=0.3604 iters=2
    [head_only] fold 4 epoch   1 loss=0.1001 val_f1=0.1547
    [head_only] fold 4 epoch  60 loss=0.0220 val_f1=0.4253
    [head_only] fold 4 DONE best_val=0.4285 test=0.3235 iters=2
    [head_only] fold 0 epoch   1 loss=0.1123 val_f1=0.0132
    [head_only] fold 0 epoch  60 loss=0.0273 val_f1=0.4035
    [head_only] fold 0 epoch 120 loss=0.0182 val_f1=0.4803
    [head_only] fold 0 DONE best_val=0.5073 test=0.4690 iters=2
    [head_only] fold 1 epoch   1 loss=0.0987 val_f1=0.0276
    [head_only] fold 1 epoch  60 loss=0.0251 val_f1=0.3658
    [head_only] fold 1 epoch 120 loss=0.0169 val_f1=0.4960
    [head_only] fold 1 epoch 180 loss=0.0123 val_f1=0.4356
    [head_only] fold 1 DONE best_val=0.5127 test=0.4981 iters=2
    [head_only] fold 2 epoch   1 loss=0.0999 val_f1=0.0012
    [head_only] fold 2 epoch  60 loss=0.0267 val_f1=0.3566
    [head_only] fold 2 epoch 120 loss=0.0160 val_f1=0.4544
    [head_only] fold 2 DONE best_val=0.5208 test=0.4464 iters=2
    [head_only] fold 3 epoch   1 loss=0.0972 val_f1=0.0503
    [head_only] fold 3 epoch  60 loss=0.0236 val_f1=0.3362
    [head_only] fold 3 epoch 120 loss=0.0156 val_f1=0.3666
    [head_only] fold 3 DONE best_val=0.4004 test=0.4335 iters=2
    [head_only] fold 4 epoch   1 loss=0.1020 val_f1=0.0029
    [head_only] fold 4 epoch  60 loss=0.0308 val_f1=0.3923
    [head_only] fold 4 epoch 120 loss=0.0178 val_f1=0.4578
    [head_only] fold 4 epoch 180 loss=0.0140 val_f1=0.4298
    [head_only] fold 4 DONE best_val=0.4715 test=0.3807 iters=2
    [head_only] fold 0 epoch   1 loss=0.1088 val_f1=0.0219
    [head_only] fold 0 epoch  60 loss=0.0300 val_f1=0.4466
    [head_only] fold 0 epoch 120 loss=0.0158 val_f1=0.4771
    [head_only] fold 0 DONE best_val=0.5109 test=0.4674 iters=2
    [head_only] fold 1 epoch   1 loss=0.0981 val_f1=0.0012
    [head_only] fold 1 epoch  60 loss=0.0249 val_f1=0.4096
    [head_only] fold 1 epoch 120 loss=0.0155 val_f1=0.4704
    [head_only] fold 1 epoch 180 loss=0.0128 val_f1=0.4347
    [head_only] fold 1 DONE best_val=0.5115 test=0.5078 iters=2
    [head_only] fold 2 epoch   1 loss=0.0996 val_f1=0.0443
    [head_only] fold 2 epoch  60 loss=0.0219 val_f1=0.4002
    [head_only] fold 2 DONE best_val=0.4654 test=0.3981 iters=2
    [head_only] fold 3 epoch   1 loss=0.1052 val_f1=0.0029
    [head_only] fold 3 epoch  60 loss=0.0297 val_f1=0.3087
    [head_only] fold 3 epoch 120 loss=0.0168 val_f1=0.3788
    [head_only] fold 3 DONE best_val=0.3997 test=0.3824 iters=2
    [head_only] fold 4 epoch   1 loss=0.0994 val_f1=0.0658
    [head_only] fold 4 epoch  60 loss=0.0201 val_f1=0.4245
    [head_only] fold 4 epoch 120 loss=0.0149 val_f1=0.4241
    [head_only] fold 4 epoch 180 loss=0.0117 val_f1=0.4442
    [head_only] fold 4 DONE best_val=0.4971 test=0.4193 iters=2
  control_head_only        0.4195 +/-0.0274  [  176s]
    [real] fold 0 epoch   1 loss=0.1111 val_f1=0.0420
    [real] fold 0 epoch  60 loss=0.0263 val_f1=0.4595
    [real] fold 0 epoch 120 loss=0.0128 val_f1=0.5279
    [real] fold 0 DONE best_val=0.5604 test=0.4794 iters=3 bias|.|=2.97e-02
    [real] fold 1 epoch   1 loss=0.1009 val_f1=0.0062
    [real] fold 1 epoch  60 loss=0.0296 val_f1=0.3810
    [real] fold 1 DONE best_val=0.4536 test=0.3382 iters=2 bias|.|=1.31e-02
    [real] fold 2 epoch   1 loss=0.1010 val_f1=0.0035
    [real] fold 2 epoch  60 loss=0.0205 val_f1=0.4521
    [real] fold 2 epoch 120 loss=0.0123 val_f1=0.5101
    [real] fold 2 epoch 180 loss=0.0101 val_f1=0.5134
    [real] fold 2 DONE best_val=0.5407 test=0.4635 iters=3 bias|.|=3.58e-02
    [real] fold 3 epoch   1 loss=0.0971 val_f1=0.0273
    [real] fold 3 epoch  60 loss=0.0178 val_f1=0.3693
    [real] fold 3 epoch 120 loss=0.0138 val_f1=0.4012
    [real] fold 3 DONE best_val=0.4405 test=0.3891 iters=3 bias|.|=2.94e-02
    [real] fold 4 epoch   1 loss=0.1001 val_f1=0.1508
    [real] fold 4 epoch  60 loss=0.0201 val_f1=0.4115
    [real] fold 4 epoch 120 loss=0.0131 val_f1=0.4631
    [real] fold 4 epoch 180 loss=0.0093 val_f1=0.4710
    [real] fold 4 DONE best_val=0.5501 test=0.3931 iters=3 bias|.|=3.85e-02
    [real] fold 0 epoch   1 loss=0.1123 val_f1=0.0139
    [real] fold 0 epoch  60 loss=0.0266 val_f1=0.4216
    [real] fold 0 DONE best_val=0.4976 test=0.3897 iters=3 bias|.|=1.68e-02
    [real] fold 1 epoch   1 loss=0.0987 val_f1=0.0231
    [real] fold 1 epoch  60 loss=0.0236 val_f1=0.3972
    [real] fold 1 epoch 120 loss=0.0145 val_f1=0.5010
    [real] fold 1 DONE best_val=0.5386 test=0.5098 iters=3 bias|.|=2.54e-02
    [real] fold 2 epoch   1 loss=0.0999 val_f1=0.0012
    [real] fold 2 epoch  60 loss=0.0256 val_f1=0.3797
    [real] fold 2 epoch 120 loss=0.0148 val_f1=0.4679
    [real] fold 2 DONE best_val=0.5100 test=0.4233 iters=3 bias|.|=2.81e-02
    [real] fold 3 epoch   1 loss=0.0974 val_f1=0.0485
    [real] fold 3 epoch  60 loss=0.0195 val_f1=0.3680
    [real] fold 3 epoch 120 loss=0.0132 val_f1=0.3791
    [real] fold 3 DONE best_val=0.4156 test=0.4430 iters=3 bias|.|=2.79e-02
    [real] fold 4 epoch   1 loss=0.1022 val_f1=0.0029
    [real] fold 4 epoch  60 loss=0.0281 val_f1=0.3790
    [real] fold 4 epoch 120 loss=0.0139 val_f1=0.4698
    [real] fold 4 DONE best_val=0.5074 test=0.3651 iters=3 bias|.|=3.54e-02
    [real] fold 0 epoch   1 loss=0.1087 val_f1=0.0218
    [real] fold 0 epoch  60 loss=0.0253 val_f1=0.4583
    [real] fold 0 epoch 120 loss=0.0119 val_f1=0.5064
    [real] fold 0 DONE best_val=0.5185 test=0.4994 iters=3 bias|.|=3.17e-02
    [real] fold 1 epoch   1 loss=0.0981 val_f1=0.0012
    [real] fold 1 epoch  60 loss=0.0256 val_f1=0.4115
    [real] fold 1 epoch 120 loss=0.0144 val_f1=0.4471
    [real] fold 1 epoch 180 loss=0.0106 val_f1=0.4958
    [real] fold 1 DONE best_val=0.5552 test=0.5188 iters=3 bias|.|=3.58e-02
    [real] fold 2 epoch   1 loss=0.0999 val_f1=0.0445
    [real] fold 2 epoch  60 loss=0.0199 val_f1=0.4373
    [real] fold 2 epoch 120 loss=0.0137 val_f1=0.4909
    [real] fold 2 epoch 180 loss=0.0082 val_f1=0.4932
    [real] fold 2 DONE best_val=0.5365 test=0.4304 iters=3 bias|.|=3.71e-02
    [real] fold 3 epoch   1 loss=0.1053 val_f1=0.0029
    [real] fold 3 epoch  60 loss=0.0259 val_f1=0.3064
    [real] fold 3 epoch 120 loss=0.0155 val_f1=0.3848
    [real] fold 3 DONE best_val=0.4196 test=0.3996 iters=3 bias|.|=3.35e-02
    [real] fold 4 epoch   1 loss=0.0994 val_f1=0.0684
    [real] fold 4 epoch  60 loss=0.0191 val_f1=0.4397
    [real] fold 4 epoch 120 loss=0.0128 val_f1=0.4973
    [real] fold 4 DONE best_val=0.5239 test=0.4531 iters=3 bias|.|=3.75e-02
  real_prototype_edge      0.4325 +/-0.0191  [  407s]
    [real] fold 0 epoch   1 loss=0.1135 val_f1=0.0302
    [real] fold 0 epoch  60 loss=0.0266 val_f1=0.5177
    [real] fold 0 DONE best_val=0.5883 test=0.5776 iters=3 bias|.|=2.73e+00
    [real] fold 1 epoch   1 loss=0.1055 val_f1=0.0290
    [real] fold 1 epoch  60 loss=0.0311 val_f1=0.4577
    [real] fold 1 epoch 120 loss=0.0162 val_f1=0.5977
    [real] fold 1 epoch 180 loss=0.0162 val_f1=0.5294
    [real] fold 1 DONE best_val=0.6793 test=0.6879 iters=3 bias|.|=2.92e+00
    [real] fold 2 epoch   1 loss=0.1032 val_f1=0.0329
    [real] fold 2 epoch  60 loss=0.0300 val_f1=0.5153
    [real] fold 2 DONE best_val=0.6513 test=0.5726 iters=3 bias|.|=3.14e+00
    [real] fold 3 epoch   1 loss=0.1083 val_f1=0.0261
    [real] fold 3 epoch  60 loss=0.0250 val_f1=0.4166
    [real] fold 3 epoch 120 loss=0.0198 val_f1=0.5397
    [real] fold 3 DONE best_val=0.5959 test=0.6198 iters=3 bias|.|=2.37e+00
    [real] fold 4 epoch   1 loss=0.0989 val_f1=0.1756
    [real] fold 4 epoch  60 loss=0.0255 val_f1=0.5037
    [real] fold 4 epoch 120 loss=0.0159 val_f1=0.5946
    [real] fold 4 DONE best_val=0.6602 test=0.6121 iters=3 bias|.|=2.96e+00
    [real] fold 0 epoch   1 loss=0.1144 val_f1=0.0397
    [real] fold 0 epoch  60 loss=0.0405 val_f1=0.4389
    [real] fold 0 DONE best_val=0.6587 test=0.5244 iters=3 bias|.|=2.85e+00
    [real] fold 1 epoch   1 loss=0.0988 val_f1=0.0683
    [real] fold 1 DONE best_val=0.7025 test=0.6657 iters=3 bias|.|=2.55e+00
    [real] fold 2 epoch   1 loss=0.1053 val_f1=0.0223
    [real] fold 2 DONE best_val=0.5202 test=0.4647 iters=3 bias|.|=2.36e+00
    [real] fold 3 epoch   1 loss=0.1175 val_f1=0.0714
    [real] fold 3 epoch  60 loss=0.0302 val_f1=0.4365
    [real] fold 3 epoch 120 loss=0.0230 val_f1=0.4559
    [real] fold 3 DONE best_val=0.5027 test=0.5371 iters=3 bias|.|=2.93e+00
    [real] fold 4 epoch   1 loss=0.1013 val_f1=0.0604
    [real] fold 4 epoch  60 loss=0.0356 val_f1=0.4915
    [real] fold 4 DONE best_val=0.5646 test=0.3791 iters=3 bias|.|=3.18e+00
    [real] fold 0 epoch   1 loss=0.1094 val_f1=0.0373
    [real] fold 0 epoch  60 loss=0.0287 val_f1=0.4872
    [real] fold 0 DONE best_val=0.7098 test=0.5928 iters=3 bias|.|=2.54e+00
    [real] fold 1 epoch   1 loss=0.1200 val_f1=0.0565
    [real] fold 1 DONE best_val=0.5475 test=0.6341 iters=3 bias|.|=2.40e+00
    [real] fold 2 epoch   1 loss=0.1023 val_f1=0.0805
    [real] fold 2 epoch  60 loss=0.0402 val_f1=0.4456
    [real] fold 2 DONE best_val=0.5842 test=0.4556 iters=3 bias|.|=2.93e+00
    [real] fold 3 epoch   1 loss=0.1037 val_f1=0.0354
    [real] fold 3 epoch  60 loss=0.0317 val_f1=0.4360
    [real] fold 3 epoch 120 loss=0.0350 val_f1=0.3946
    [real] fold 3 DONE best_val=0.5260 test=0.5715 iters=3 bias|.|=3.21e+00
    [real] fold 4 epoch   1 loss=0.0995 val_f1=0.0627
    [real] fold 4 epoch  60 loss=0.0314 val_f1=0.3628
    [real] fold 4 epoch 120 loss=0.0160 val_f1=0.5287
    [real] fold 4 DONE best_val=0.5878 test=0.4828 iters=3 bias|.|=2.17e+00
  oracle_edge              0.5286 +/-0.0523  [  543s]
    [real] fold 0 epoch   1 loss=0.1119 val_f1=0.0419
    [real] fold 0 epoch  60 loss=0.0339 val_f1=0.3864
    [real] fold 0 epoch 120 loss=0.0172 val_f1=0.5019
    [real] fold 0 DONE best_val=0.5387 test=0.4771 iters=2 bias|.|=1.48e-01
    [real] fold 1 epoch   1 loss=0.1034 val_f1=0.0030
    [real] fold 1 epoch  60 loss=0.0291 val_f1=0.4534
    [real] fold 1 DONE best_val=0.4738 test=0.3909 iters=2 bias|.|=1.01e-01
    [real] fold 2 epoch   1 loss=0.0992 val_f1=0.0031
    [real] fold 2 epoch  60 loss=0.0234 val_f1=0.4903
    [real] fold 2 DONE best_val=0.4980 test=0.4354 iters=2 bias|.|=2.80e-01
    [real] fold 3 epoch   1 loss=0.1019 val_f1=0.0355
    [real] fold 3 epoch  60 loss=0.0250 val_f1=0.4078
    [real] fold 3 DONE best_val=0.4399 test=0.4355 iters=2 bias|.|=1.27e-01
    [real] fold 4 epoch   1 loss=0.1029 val_f1=0.1328
    [real] fold 4 epoch  60 loss=0.0212 val_f1=0.4097
    [real] fold 4 DONE best_val=0.4617 test=0.3892 iters=2 bias|.|=3.92e-01
    [real] fold 0 epoch   1 loss=0.1122 val_f1=0.0125
    [real] fold 0 epoch  60 loss=0.0264 val_f1=0.3826
    [real] fold 0 DONE best_val=0.4349 test=0.4235 iters=3 bias|.|=8.79e-01
    [real] fold 1 epoch   1 loss=0.0988 val_f1=0.0315
    [real] fold 1 epoch  60 loss=0.0238 val_f1=0.3960
    [real] fold 1 epoch 120 loss=0.0158 val_f1=0.4367
    [real] fold 1 DONE best_val=0.4794 test=0.4831 iters=2 bias|.|=2.14e-01
    [real] fold 2 epoch   1 loss=0.0982 val_f1=0.0012
    [real] fold 2 epoch  60 loss=0.0235 val_f1=0.4266
    [real] fold 2 epoch 120 loss=0.0180 val_f1=0.4680
    [real] fold 2 DONE best_val=0.5374 test=0.4358 iters=3 bias|.|=3.56e-01
    [real] fold 3 epoch   1 loss=0.0980 val_f1=0.0494
    [real] fold 3 epoch  60 loss=0.0229 val_f1=0.3789
    [real] fold 3 DONE best_val=0.3821 test=0.4290 iters=2 bias|.|=2.03e-01
    [real] fold 4 epoch   1 loss=0.1023 val_f1=0.0029
    [real] fold 4 epoch  60 loss=0.0291 val_f1=0.4413
    [real] fold 4 DONE best_val=0.4413 test=0.3872 iters=3 bias|.|=4.75e-01
    [real] fold 0 epoch   1 loss=0.1079 val_f1=0.0190
    [real] fold 0 epoch  60 loss=0.0258 val_f1=0.3917
    [real] fold 0 epoch 120 loss=0.0156 val_f1=0.4710
    [real] fold 0 DONE best_val=0.5130 test=0.4964 iters=3 bias|.|=2.47e-01
    [real] fold 1 epoch   1 loss=0.0986 val_f1=0.0012
    [real] fold 1 epoch  60 loss=0.0260 val_f1=0.3633
    [real] fold 1 epoch 120 loss=0.0188 val_f1=0.4421
    [real] fold 1 epoch 180 loss=0.0113 val_f1=0.5083
    [real] fold 1 DONE best_val=0.5439 test=0.5024 iters=2 bias|.|=1.26e-01
    [real] fold 2 epoch   1 loss=0.0994 val_f1=0.0442
    [real] fold 2 epoch  60 loss=0.0240 val_f1=0.3744
    [real] fold 2 epoch 120 loss=0.0175 val_f1=0.3781
    [real] fold 2 epoch 180 loss=0.0111 val_f1=0.4773
    [real] fold 2 DONE best_val=0.5117 test=0.4370 iters=2 bias|.|=1.06e-01
    [real] fold 3 epoch   1 loss=0.1041 val_f1=0.0029
    [real] fold 3 epoch  60 loss=0.0272 val_f1=0.3370
    [real] fold 3 epoch 120 loss=0.0168 val_f1=0.3785
    [real] fold 3 DONE best_val=0.3940 test=0.4399 iters=3 bias|.|=3.66e-01
    [real] fold 4 epoch   1 loss=0.1017 val_f1=0.1366
    [real] fold 4 epoch  60 loss=0.0228 val_f1=0.3838
    [real] fold 4 DONE best_val=0.4443 test=0.3562 iters=3 bias|.|=4.10e-01
  oracle_attention         0.4310 +/-0.0043  [  707s]

GATE 0 DECISION: HEADROOM REMAINS; REVIEW NEXT OPTION
